{
  "suites": [
    {
      "file": "suite_test.yaml",
      "name": "TestSuite",
      "summary": {
        "overallResult": "RESULT_ERRORED"
      },
      "error": "failed to load test fixtures from testdata: invalid TestFixture_Principals.Principals[invalid]: embedded message failed validation | caused by: invalid Principal.Id: value length must be at least 1 runes"
    }
  ],
  "summary": {
    "overallResult": "RESULT_ERRORED"
  }
}