{
  "suites": [
    {
      "file": "suite_test.yaml",
      "name": "TestSuite",
      "principals": [
        {
          "name": "john",
          "resources": [
            {
              "name": "john_leave_request",
              "actions": [
                {
                  "name": "view:public",
                  "details": {
                    "result": "RESULT_PASSED"
                  }
                },
                {
                  "name": "approve",
                  "details": {
                    "result": "RESULT_PASSED"
                  }
                }
              ]
            }
          ]
        },
        {
          "name": "alicia",
          "resources": [
            {
              "name": "john_leave_request",
              "actions": [
                {
                  "name": "view:public",
                  "details": {
                    "result": "RESULT_FAILED",
                    "failure": {
                      "expected": "EFFECT_DENY",
                      "actual": "EFFECT_ALLOW"
                    }
                  }
                },
                {
                  "name": "approve",
                  "details": {
                    "result": "RESULT_PASSED"
                  }
                }
              ]
            }
          ]
        }
      ],
      "summary": {
        "overallResult": "RESULT_ERRORED",
        "testsCount": 4,
        "resultCounts": [
          {
            "result": "RESULT_PASSED",
            "count": 3
          },
          {
            "result": "RESULT_FAILED",
            "count": 1
          }
        ]
      },
      "error": "Duplicate test: The combination [alicia|john_leave_request|approve] in test \"Alicia approves John leave request\" was already exercised in test \"John and his leave request\""
    }
  ],
  "summary": {
    "overallResult": "RESULT_ERRORED",
    "testsCount": 4,
    "resultCounts": [
      {
        "result": "RESULT_PASSED",
        "count": 3
      },
      {
        "result": "RESULT_FAILED",
        "count": 1
      }
    ]
  }
}