{
  "suites": [
    {
      "file": "suite_test.yaml",
      "name": "TestSuite",
      "summary": {
        "overallResult": "RESULT_ERRORED"
      },
      "error": "failed to load test fixtures from testdata: failed to load principals: file is not valid: { /principals/john/policyVersion: [expected string, but got number] }",
      "description": "Tests for verifying something"
    }
  ],
  "summary": {
    "overallResult": "RESULT_ERRORED"
  }
}
