{
  "suites":  [
    {
      "file":  "udf_test.yaml",
      "name":  "TestSuite",
      "principals":  [
        {
          "name":  "bev",
          "resources":  [
            {
              "name":  "pending_leave_request",
              "actions":  [
                {
                  "name":  "delete",
                  "details":  {
                    "result":  "RESULT_PASSED"
                  }
                },
                {
                  "name":  "approve",
                  "details":  {
                    "result":  "RESULT_PASSED"
                  }
                }
              ]
            }
          ]
        },
        {
          "name":  "matt",
          "resources":  [
            {
              "name":  "pending_leave_request",
              "actions":  [
                {
                  "name":  "delete",
                  "details":  {
                    "result":  "RESULT_PASSED"
                  }
                },
                {
                  "name":  "approve",
                  "details":  {
                    "result":  "RESULT_PASSED"
                  }
                }
              ]
            }
          ]
        }
      ],
      "summary":  {
        "overallResult":  "RESULT_PASSED",
        "testsCount":  4,
        "resultCounts":  [
          {
            "result":  "RESULT_PASSED",
            "count":  4
          }
        ]
      }
    }
  ],
  "summary":  {
    "overallResult":  "RESULT_PASSED",
    "testsCount":  4,
    "resultCounts":  [
      {
        "result":  "RESULT_PASSED",
        "count":  4
      }
    ]
  }
}