{
  "suites": [
    {
      "file": "suite_test.yaml",
      "name": "TestSuite",
      "summary": {
        "overallResult": "RESULT_ERRORED"
      },
      "error": "Invalid test suite: another test named \"Test 1\" already exists"
    }
  ],
  "summary": {
    "overallResult": "RESULT_ERRORED"
  }
}