{
  "suites": [
    {
      "file": "suite_test.yaml",
      "name": "Unknown",
      "summary": {
        "overallResult": "RESULT_ERRORED"
      },
      "error": "failed to load test suite: validation errors:\n - tests[0].expected[0]: principal, principals, or principalGroups must be present\n - tests[1].expected[0]: principal and principals may not both be present\n - tests[2].expected[0]: resource, resources, or resourceGroups must be present\n - tests[3].expected[0]: resource and resources may not both be present"
    }
  ],
  "summary": {
    "overallResult": "RESULT_ERRORED"
  }
}
