{
  "suites": [
    {
      "file": "suite_test.yaml",
      "name": "TestSuite",
      "summary": {
        "overallResult": "RESULT_PASSED",
        "testsCount": 2,
        "resultCounts": [
          {
            "result": "RESULT_PASSED",
            "count": 2
          }
        ]
      },
      "testCases": [
        {
          "name": "Default scope is set to empty on the test and dot alias is used",
          "principals": [
            {
              "name": "john",
              "resources": [
                {
                  "name": "john_leave_request",
                  "actions": [
                    {
                      "name": "view:public",
                      "details": {
                        "result": "RESULT_PASSED",
                        "success": {
                          "effect": "EFFECT_DENY"
                        }
                      }
                    }
                  ]
                }
              ]
            }
          ]
        },
        {
          "name": "Default scope is set to acme on the test and dot alias is used",
          "principals": [
            {
              "name": "john",
              "resources": [
                {
                  "name": "john_leave_request",
                  "actions": [
                    {
                      "name": "view:public",
                      "details": {
                        "result": "RESULT_PASSED",
                        "success": {
                          "effect": "EFFECT_DENY"
                        }
                      }
                    }
                  ]
                }
              ]
            }
          ]
        }
      ],
      "description": "Tests for verifying something"
    }
  ],
  "summary": {
    "overallResult": "RESULT_PASSED",
    "testsCount": 2,
    "resultCounts": [
      {
        "result": "RESULT_PASSED",
        "count": 2
      }
    ]
  }
}
