{
  "suites": [
    {
      "file": "suite_test.yaml",
      "name": "TestSuite",
      "summary": {
        "overallResult": "RESULT_PASSED",
        "testsCount": 24,
        "resultCounts": [
          {
            "result": "RESULT_PASSED",
            "count": 24
          }
        ]
      },
      "testCases": [
        {
          "name": "John's request",
          "principals": [
            {
              "name": "john",
              "resources": [
                {
                  "name": "john_equipment_request",
                  "actions": [
                    {
                      "name": "view:public",
                      "details": {
                        "result": "RESULT_PASSED",
                        "success": {
                          "effect": "EFFECT_ALLOW",
                          "outputs": [
                            {
                              "src": "resource.equipment_request.vdefault#public-view",
                              "val": {
                                "formatted_string": "id:john",
                                "id": "john",
                                "keys": "XX125",
                                "some_bool": true,
                                "some_list": [
                                  "foo",
                                  "bar"
                                ],
                                "something_nested": {
                                  "nested_bool": false,
                                  "nested_formatted_string": "id:john",
                                  "nested_list": [
                                    "nest_foo",
                                    1.01
                                  ],
                                  "nested_str": "foo"
                                }
                              },
                              "action": "view:public"
                            }
                          ]
                        }
                      }
                    },
                    {
                      "name": "approve",
                      "details": {
                        "result": "RESULT_PASSED",
                        "success": {
                          "effect": "EFFECT_DENY"
                        }
                      }
                    },
                    {
                      "name": "create",
                      "details": {
                        "result": "RESULT_PASSED",
                        "success": {
                          "effect": "EFFECT_ALLOW",
                          "outputs": [
                            {
                              "src": "resource.equipment_request.vdefault/acme#rule-001",
                              "val": "create_allowed:john",
                              "action": "create"
                            }
                          ]
                        }
                      }
                    }
                  ]
                },
                {
                  "name": "john_pending_equipment_request",
                  "actions": [
                    {
                      "name": "view:public",
                      "details": {
                        "result": "RESULT_PASSED",
                        "success": {
                          "effect": "EFFECT_ALLOW",
                          "outputs": [
                            {
                              "src": "resource.equipment_request.vdefault#public-view",
                              "val": {
                                "formatted_string": "id:john",
                                "id": "john",
                                "keys": "XX125",
                                "some_bool": true,
                                "some_list": [
                                  "foo",
                                  "bar"
                                ],
                                "something_nested": {
                                  "nested_bool": false,
                                  "nested_formatted_string": "id:john",
                                  "nested_list": [
                                    "nest_foo",
                                    1.01
                                  ],
                                  "nested_str": "foo"
                                }
                              },
                              "action": "view:public"
                            }
                          ]
                        }
                      }
                    },
                    {
                      "name": "approve",
                      "details": {
                        "result": "RESULT_PASSED",
                        "success": {
                          "effect": "EFFECT_DENY"
                        }
                      }
                    },
                    {
                      "name": "create",
                      "details": {
                        "result": "RESULT_PASSED",
                        "success": {
                          "effect": "EFFECT_ALLOW",
                          "outputs": [
                            {
                              "src": "resource.equipment_request.vdefault/acme#rule-001",
                              "val": "create_allowed:john",
                              "action": "create"
                            }
                          ]
                        }
                      }
                    }
                  ]
                }
              ]
            },
            {
              "name": "bev",
              "resources": [
                {
                  "name": "john_equipment_request",
                  "actions": [
                    {
                      "name": "view:public",
                      "details": {
                        "result": "RESULT_PASSED",
                        "success": {
                          "effect": "EFFECT_ALLOW",
                          "outputs": [
                            {
                              "src": "resource.equipment_request.vdefault#public-view",
                              "val": {
                                "formatted_string": "id:bev",
                                "id": "bev",
                                "keys": "XX125",
                                "some_bool": true,
                                "some_list": [
                                  "foo",
                                  "bar"
                                ],
                                "something_nested": {
                                  "nested_bool": false,
                                  "nested_formatted_string": "id:bev",
                                  "nested_list": [
                                    "nest_foo",
                                    1.01
                                  ],
                                  "nested_str": "foo"
                                }
                              },
                              "action": "view:public"
                            }
                          ]
                        }
                      }
                    },
                    {
                      "name": "approve",
                      "details": {
                        "result": "RESULT_PASSED",
                        "success": {
                          "effect": "EFFECT_DENY",
                          "outputs": [
                            {
                              "src": "resource.equipment_request.vdefault#rule-002",
                              "val": "condition_not_met",
                              "action": "approve"
                            }
                          ]
                        }
                      }
                    },
                    {
                      "name": "create",
                      "details": {
                        "result": "RESULT_PASSED",
                        "success": {
                          "effect": "EFFECT_ALLOW",
                          "outputs": [
                            {
                              "src": "resource.equipment_request.vdefault/acme#rule-001",
                              "val": "create_allowed:bev",
                              "action": "create"
                            }
                          ]
                        }
                      }
                    }
                  ]
                },
                {
                  "name": "john_pending_equipment_request",
                  "actions": [
                    {
                      "name": "view:public",
                      "details": {
                        "result": "RESULT_PASSED",
                        "success": {
                          "effect": "EFFECT_ALLOW",
                          "outputs": [
                            {
                              "src": "resource.equipment_request.vdefault#public-view",
                              "val": {
                                "formatted_string": "id:bev",
                                "id": "bev",
                                "keys": "XX125",
                                "some_bool": true,
                                "some_list": [
                                  "foo",
                                  "bar"
                                ],
                                "something_nested": {
                                  "nested_bool": false,
                                  "nested_formatted_string": "id:bev",
                                  "nested_list": [
                                    "nest_foo",
                                    1.01
                                  ],
                                  "nested_str": "foo"
                                }
                              },
                              "action": "view:public"
                            }
                          ]
                        }
                      }
                    },
                    {
                      "name": "approve",
                      "details": {
                        "result": "RESULT_PASSED",
                        "success": {
                          "effect": "EFFECT_ALLOW",
                          "outputs": [
                            {
                              "src": "resource.equipment_request.vdefault#rule-002",
                              "val": "approval_status:bev:PENDING_APPROVAL",
                              "action": "approve"
                            }
                          ]
                        }
                      }
                    },
                    {
                      "name": "create",
                      "details": {
                        "result": "RESULT_PASSED",
                        "success": {
                          "effect": "EFFECT_ALLOW",
                          "outputs": [
                            {
                              "src": "resource.equipment_request.vdefault/acme#rule-001",
                              "val": "create_allowed:bev",
                              "action": "create"
                            }
                          ]
                        }
                      }
                    }
                  ]
                }
              ]
            },
            {
              "name": "terry_tibbs",
              "resources": [
                {
                  "name": "john_equipment_request",
                  "actions": [
                    {
                      "name": "view:public",
                      "details": {
                        "result": "RESULT_PASSED",
                        "success": {
                          "effect": "EFFECT_ALLOW",
                          "outputs": [
                            {
                              "src": "resource.equipment_request.vdefault#public-view",
                              "val": {
                                "formatted_string": "id:terry_tibbs",
                                "id": "terry_tibbs",
                                "keys": "XX125",
                                "some_bool": true,
                                "some_list": [
                                  "foo",
                                  "bar"
                                ],
                                "something_nested": {
                                  "nested_bool": false,
                                  "nested_formatted_string": "id:terry_tibbs",
                                  "nested_list": [
                                    "nest_foo",
                                    1.01
                                  ],
                                  "nested_str": "foo"
                                }
                              },
                              "action": "view:public"
                            }
                          ]
                        }
                      }
                    },
                    {
                      "name": "approve",
                      "details": {
                        "result": "RESULT_PASSED",
                        "success": {
                          "effect": "EFFECT_DENY"
                        }
                      }
                    },
                    {
                      "name": "create",
                      "details": {
                        "result": "RESULT_PASSED",
                        "success": {
                          "effect": "EFFECT_ALLOW",
                          "outputs": [
                            {
                              "src": "principal.terry_tibbs.vdefault#create-rule",
                              "val": [
                                "foo",
                                [
                                  "bar",
                                  true
                                ]
                              ],
                              "action": "create"
                            }
                          ]
                        }
                      }
                    }
                  ]
                },
                {
                  "name": "john_pending_equipment_request",
                  "actions": [
                    {
                      "name": "view:public",
                      "details": {
                        "result": "RESULT_PASSED",
                        "success": {
                          "effect": "EFFECT_ALLOW",
                          "outputs": [
                            {
                              "src": "resource.equipment_request.vdefault#public-view",
                              "val": {
                                "formatted_string": "id:terry_tibbs",
                                "id": "terry_tibbs",
                                "keys": "XX125",
                                "some_bool": true,
                                "some_list": [
                                  "foo",
                                  "bar"
                                ],
                                "something_nested": {
                                  "nested_bool": false,
                                  "nested_formatted_string": "id:terry_tibbs",
                                  "nested_list": [
                                    "nest_foo",
                                    1.01
                                  ],
                                  "nested_str": "foo"
                                }
                              },
                              "action": "view:public"
                            }
                          ]
                        }
                      }
                    },
                    {
                      "name": "approve",
                      "details": {
                        "result": "RESULT_PASSED",
                        "success": {
                          "effect": "EFFECT_DENY"
                        }
                      }
                    },
                    {
                      "name": "create",
                      "details": {
                        "result": "RESULT_PASSED",
                        "success": {
                          "effect": "EFFECT_ALLOW",
                          "outputs": [
                            {
                              "src": "principal.terry_tibbs.vdefault#create-rule",
                              "val": [
                                "foo",
                                [
                                  "bar",
                                  true
                                ]
                              ],
                              "action": "create"
                            }
                          ]
                        }
                      }
                    }
                  ]
                }
              ]
            }
          ]
        },
        {
          "name": "John's request without lenientScopeSearch",
          "principals": [
            {
              "name": "john",
              "resources": [
                {
                  "name": "john_equipment_request",
                  "actions": [
                    {
                      "name": "view:public",
                      "details": {
                        "result": "RESULT_PASSED",
                        "success": {
                          "effect": "EFFECT_DENY"
                        }
                      }
                    },
                    {
                      "name": "approve",
                      "details": {
                        "result": "RESULT_PASSED",
                        "success": {
                          "effect": "EFFECT_DENY"
                        }
                      }
                    },
                    {
                      "name": "create",
                      "details": {
                        "result": "RESULT_PASSED",
                        "success": {
                          "effect": "EFFECT_DENY"
                        }
                      }
                    }
                  ]
                },
                {
                  "name": "john_pending_equipment_request",
                  "actions": [
                    {
                      "name": "view:public",
                      "details": {
                        "result": "RESULT_PASSED",
                        "success": {
                          "effect": "EFFECT_DENY"
                        }
                      }
                    },
                    {
                      "name": "approve",
                      "details": {
                        "result": "RESULT_PASSED",
                        "success": {
                          "effect": "EFFECT_DENY"
                        }
                      }
                    },
                    {
                      "name": "create",
                      "details": {
                        "result": "RESULT_PASSED",
                        "success": {
                          "effect": "EFFECT_DENY"
                        }
                      }
                    }
                  ]
                }
              ]
            }
          ]
        }
      ],
      "description": "Tests for equipment requests"
    }
  ],
  "summary": {
    "overallResult": "RESULT_PASSED",
    "testsCount": 24,
    "resultCounts": [
      {
        "result": "RESULT_PASSED",
        "count": 24
      }
    ]
  }
}
