{
  "suites": [
    {
      "file": "another_suite_test.yaml",
      "name": "AnotherTestSuite",
      "summary": {
        "overallResult": "RESULT_ERRORED"
      },
      "error": "Failed to load the test suite: invalid test \"John and his leave request\": found expectations for actions that do not exist in the input actions list: [reject]",
      "description": "Tests for verifying something"
    },
    {
      "file": "suite_test.yaml",
      "name": "Unknown",
      "summary": {
        "overallResult": "RESULT_ERRORED"
      },
      "error": "file is not valid: [/tests/0/expected/0/actions/view:public: value must be one of \"EFFECT_ALLOW\", \"EFFECT_DENY\", /tests/0/expected/0/actions/approve: value must be one of \"EFFECT_ALLOW\", \"EFFECT_DENY\"]"
    }
  ],
  "summary": {
    "overallResult": "RESULT_ERRORED"
  }
}
