{
  "suites": [
    {
      "file": "bad_test.yaml",
      "name": "Unknown",
      "summary": {
        "overallResult": "RESULT_ERRORED"
      },
      "error": "failed to validate with the schema: jsonschema: '' does not validate with https://api.cerbos.dev/cerbos/policy/v1/TestSuite.schema.json#/type: expected object, but got string"
    }
  ],
  "summary": {
    "overallResult": "RESULT_ERRORED"
  }
}