{
  "suites": [
    {
      "file": "suite_test.yaml",
      "name": "TestSuite",
      "summary": {
        "overallResult": "RESULT_ERRORED"
      },
      "error": "failed to load test fixtures from testdata: failed to load principals:\n5:5 unknown field \"policyVursion\"",
      "description": "Tests for verifying something"
    }
  ],
  "summary": {
    "overallResult": "RESULT_ERRORED"
  }
}
