{
  "suites": [
    {
      "file": "bad_test.yaml",
      "name": "Unknown",
      "summary": {
        "overallResult": "RESULT_ERRORED"
      },
      "error": "failed to load test suite:\n1:1 invalid document: contents are not valid YAML or JSON"
    }
  ],
  "summary": {
    "overallResult": "RESULT_ERRORED"
  }
}
