{
  "suites": [
    {
      "file": "suite_test.yaml",
      "name": "TestSuite",
      "summary": {
        "overallResult": "RESULT_ERRORED"
      },
      "error": "failed to load test fixtures from testdata: file is not valid: { /resources/john_leave_request: [missing properties: 'kind'] }",
      "description": "Tests for verifying something"
    }
  ],
  "summary": {
    "overallResult": "RESULT_ERRORED"
  }
}
