{
  "fqn": "cerbos.role.acme_admin.vdefault/acme",
  "rolePolicy": {
    "meta": {
      "fqn": "cerbos.role.acme_admin.vdefault/acme",
      "version": "default",
      "sourceAttributes": {
        "role.acme_admin.vdefault/acme": {
          "attributes": {
            "source": "role_policies/acme_admin.yaml"
          }
        }
      }
    },
    "role": "acme_admin",
    "scope": "acme",
    "resources": {
      "expenses_report": {
        "rules": [
          {
            "resource": "expenses_report",
            "allowActions": {
              "create": {},
              "delete": {},
              "view": {}
            }
          }
        ]
      },
      "leave_request": {
        "rules": [
          {
            "resource": "leave_request",
            "allowActions": {
              "*": {}
            }
          }
        ]
      }
    }
  },
  "compilerVersion": 2
}
