{
  "fqn": "cerbos.resource.example.vdefault",
  "resourcePolicy": {
    "meta": {
      "fqn": "cerbos.resource.example.vdefault",
      "resource": "example",
      "version": "default"
    },
    "policies": [
      {
        "orderedVariables": [
          {
            "name": "bar",
            "expr": {
              "original": "2",
              "checked": {
                "typeMap": {
                  "1": {
                    "primitive": "INT64"
                  }
                },
                "sourceInfo": {
                  "location": "<input>",
                  "lineOffsets": [
                    2
                  ],
                  "positions": {
                    "1": 0
                  }
                },
                "expr": {
                  "id": "1",
                  "constExpr": {
                    "int64Value": "2"
                  }
                }
              }
            }
          },
          {
            "name": "foo",
            "expr": {
              "original": "1",
              "checked": {
                "typeMap": {
                  "1": {
                    "primitive": "INT64"
                  }
                },
                "sourceInfo": {
                  "location": "<input>",
                  "lineOffsets": [
                    2
                  ],
                  "positions": {
                    "1": 0
                  }
                },
                "expr": {
                  "id": "1",
                  "constExpr": {
                    "int64Value": "1"
                  }
                }
              }
            }
          },
          {
            "name": "qux",
            "expr": {
              "original": "3",
              "checked": {
                "typeMap": {
                  "1": {
                    "primitive": "INT64"
                  }
                },
                "sourceInfo": {
                  "location": "<input>",
                  "lineOffsets": [
                    2
                  ],
                  "positions": {
                    "1": 0
                  }
                },
                "expr": {
                  "id": "1",
                  "constExpr": {
                    "int64Value": "3"
                  }
                }
              }
            }
          }
        ]
      }
    ]
  }
}
